---
source: tests/tui.rs
expression: terminal.backend()
---
" sqli v1.0.2                                                                                        "
"┌Connection────────────────────────────────────────────────────────────────────────────────────────┐"
"│No connection selected                                                               Run Query    │"
"└──────────────────────────────────────────────────────────────────────────────────────────────────┘"
"┌Collections───────┐┌Workspace─────────────────────────────────────────────────────────────────────┐"
"│                  ││ 1                                                                            │"
"│                  ││                                                                              │"
"│                  ││                                                                              │"
"│                  ││                                                                              │"
"│                  ││                                                                              │"
"│                  ││                                                                              │"
"│                  ││    ┌─────────────────Enter Password─────────────────┐                        │"
"│                  ││    │                                                │                        │"
"│                  ││    │ ┌Password────────────────────────────────────┐ │                        │"
"│                  ││    │ │                                            │ │                        │"
"│                  ││    │ └────────────────────────────────────────────┘ │                        │"
"│                  ││    │                Cancel        Submit            │                        │"
"│                  ││    │             ▁▁▁▁▁▁▁▁▁▁▁▁  ▁▁▁▁▁▁▁▁▁▁▁▁         │                        │"
"│                  │└────│                                                │────────────────────────┘"
"│                  │┌Resu└────────────────────────────────────────────────┘────────────────────────┐"
"│                  ││       No query results to display. Run a query using the button above.       │"
"│                  ││                                                                              │"
"│                  ││                                                                              │"
"│                  ││                                                                              │"
"│                  ││                                                                              │"
"└──────────────────┘└Query time: 0ms | 0 rows──────────────────────────────────────────────────────┘"
"┌──────────────────────────────────────────────────────────────────────────────────────────────────┐"
"│ Tab Switch Panel  Space Select  ^C Quit                                                          │"
"└──────────────────────────────────────────────────────────────────────────────────────────────────┘"
"                                                                                                    "
